[blacket.org/index.html]
[backblue.gif]
[fade.gif]
[index.html]
[blacket.org/favicon.ico]
[ka-f.fontawesome.com/releases/v5.14.0/webfonts/free-fa-solid-900.eot]
[ka-f.fontawesome.com/releases/v5.14.0/webfonts/free-fa-solid-900d41d.eot]
[ka-f.fontawesome.com/releases/v5.14.0/webfonts/free-fa-brands-400.eot]
[ka-f.fontawesome.com/releases/v5.14.0/webfonts/free-fa-brands-400d41d.eot]
[ka-f.fontawesome.com/releases/v5.14.0/webfonts/free-fa-regular-400.eot]
[ka-f.fontawesome.com/releases/v5.14.0/webfonts/free-fa-regular-400d41d.eot]
[ka-f.fontawesome.com/releases/v5.14.0/webfonts/free-fa-v4deprecations.eot]
[ka-f.fontawesome.com/releases/v5.14.0/webfonts/free-fa-v4deprecationsd41d.eot]
[giphy.com/gifs/static-oEI9uBYSzLpBK.html]
[blacket.org/images/homeBlooks.png]
[blacket.org/index.html]
[blacket.org/signup.html]
[blacket.org/login.html]
[media1.giphy.com/media/oEI9uBYSzLpBK/giphycfe3.html]
[media1.giphy.com/media/oEI9uBYSzLpBK/giphy_s68f6.html]
[giphy.com/services/oembedef81.json]
[giphy.com/static/img/favicon.png]
[giphy.com/static/img/icons/apple-touch-icon-120px.png]
[giphy.com/static/img/icons/apple-touch-icon-180px.png]
[giphy.com/static/img/icons/apple-touch-icon-152px.png]
[giphy.com/static/img/icons/apple-touch-icon-167px.png]
[giphy.com/static/img/icons/apple-touch-startup-image-320x460.png]
[giphy.com/static/img/icons/apple-touch-startup-image-640x920.png]
[connect.facebook.net/en_US/sdk.js]
[www.google-analytics.com/analytics.js]
[giphy.com/static/dist/runtime.79eb69db.bundle.js]
[giphy.com/static/dist/desktopVendor.733c4529.bundle.js]
[giphy.com/static/dist/desktopCommon.e7c97219.bundle.js]
[giphy.com/gifs/static-oEI9uBYSzLpBK.html]
[giphy.com/static/dist/desktopEntry.884d2216.bundle.js]
[fonts.googleapis.com/css60ec.css]
[blacket.org/signup.html]
[blacket.org/login.html]
[i.giphy.com/media/oEI9uBYSzLpBK/giphy.gif]
[i.giphy.com/media/oEI9uBYSzLpBK/giphy_s.gif]
[giphy.com/services/oembeda84e.json]
[media1.giphy.com/media/oEI9uBYSzLpBK/200w_s.html]
[media1.giphy.com/static/dist/runtime.79eb69db.bundle.js]
[media1.giphy.com/media/oEI9uBYSzLpBK/giphycfe3.html]
[media1.giphy.com/media/oEI9uBYSzLpBK/giphy_s68f6.html]
[giphy.com/static/img/icons/apple-touch-startup-image-320x460.png]
[giphy.com/static/img/icons/apple-touch-startup-image-640x920.png]
[connect.facebook.net/en_US/sdk.js]
[www.googletagmanager.com/gtm5445.html]
[media1.giphy.com/media/oEI9uBYSzLpBK/200w_s.html]
[media1.giphy.com/static/dist/mediaLanding.adcc65f1.bundle.js]
